// Jest Snapshot v1, https://goo.gl/fbAQLP

exports[`FooterComponent should validate snapshot 1`] = `
<app-footer>
  <footer
    class="d-flex d-md-none justify-content-around align-items-center py-2"
    data-test="footer"
  >
    <div
      class="text-center"
    >
      <img
        src="./assets/svg/home.svg"
        width="22"
      />
      <p
        class="m-0"
      >
        Home
      </p>
    </div>
    <div
      class="text-center"
    >
      <img
        src="./assets/svg/track.svg"
        width="22"
      />
      <p
        class="m-0"
      >
        Trip
      </p>
    </div>
    <div
      class="text-center"
    >
      <img
        src="./assets/svg/compass.svg"
        width="22"
      />
      <p
        class="m-0"
      >
        Explore
      </p>
    </div>
    <div
      class="text-center"
    >
      <img
        src="./assets/svg/repeat.svg"
        width="22"
      />
      <p
        class="m-0"
      >
        Marketplace
      </p>
    </div>
    <div
      class="text-center"
    >
      <img
        src="./assets/svg/menu.svg"
        width="22"
      />
      <p
        class="m-0"
      >
        Menu
      </p>
    </div>
  </footer>
</app-footer>
`;
